
> ssgmce-client@1.0.0 build
> vite build

[36mvite v7.3.1 [32mbuilding client environment for production...[36m[39m
transforming...
[32mΓ£ô[39m 3749 modules transformed.
rendering chunks...
computing gzip size...
[2mdist/[22m[32mindex.html                                               [39m[1m[2m     0.65 kB[22m[1m[22m[2m Γöé gzip:     0.39 kB[22m
[2mdist/[22m[32massets/JSKolhe-D0VV7F-f.jpg                              [39m[1m[2m    10.58 kB[22m[1m[22m
[2mdist/[22m[32massets/SSM-Bo4qU_xf.jpg                                  [39m[1m[2m    13.45 kB[22m[1m[22m
[2mdist/[22m[32massets/NIRF_2025-26_Management-CTloF2iF.pdf              [39m[1m[2m    18.48 kB[22m[1m[22m
[2mdist/[22m[32massets/NIRF_2022-23_Management-Da9tGQk9.pdf              [39m[1m[2m    18.64 kB[22m[1m[22m
[2mdist/[22m[32massets/NIRF_2023-24_Management-PGmnDP9V.pdf              [39m[1m[2m    18.85 kB[22m[1m[22m
[2mdist/[22m[32massets/NIRF_2024-25_Management-DcV-_Q7u.pdf              [39m[1m[2m    18.96 kB[22m[1m[22m
[2mdist/[22m[32massets/VTMhaske-BmYKJJbq.jpg                             [39m[1m[2m    19.68 kB[22m[1m[22m
[2mdist/[22m[32massets/YogeshMurumkar-zG9-5q3Z.jpeg                      [39m[1m[2m    20.39 kB[22m[1m[22m
[2mdist/[22m[32massets/chairman_c-BuhZZ9Qs.jpeg                          [39m[1m[2m    20.59 kB[22m[1m[22m
[2mdist/[22m[32massets/MohiniModak-BJBnfC_y.jpg                          [39m[1m[2m    24.50 kB[22m[1m[22m
[2mdist/[22m[32massets/vinodrai_aurangabad_2018-CXGN2b9s.jpg             [39m[1m[2m    25.20 kB[22m[1m[22m
[2mdist/[22m[32massets/GDKhadsane-CiQjtDQB.jpg                           [39m[1m[2m    28.78 kB[22m[1m[22m
[2mdist/[22m[32massets/PiyushDalke-CPp-JHDE.jpg                          [39m[1m[2m    30.96 kB[22m[1m[22m
[2mdist/[22m[32massets/powerinst_nashik_2018-B8yCbBxW.jpg                [39m[1m[2m    33.71 kB[22m[1m[22m
[2mdist/[22m[32massets/adani_mundra_2016-DM11ejA5.jpg                    [39m[1m[2m    35.09 kB[22m[1m[22m
[2mdist/[22m[32massets/UdayPatil-DwZpuExz.jpg                            [39m[1m[2m    36.36 kB[22m[1m[22m
[2mdist/[22m[32massets/abb_nashik_2018-kMTtnfgJ.jpg                      [39m[1m[2m    40.82 kB[22m[1m[22m
[2mdist/[22m[32massets/HOD_ELECTRICAL-r-bw3dvX.jpg                       [39m[1m[2m    42.82 kB[22m[1m[22m
[2mdist/[22m[32massets/legrand_nashik_2018-BaN3dkYz.jpg                  [39m[1m[2m    43.19 kB[22m[1m[22m
[2mdist/[22m[32massets/GK-BqOxddXo.jpeg                                  [39m[1m[2m    43.69 kB[22m[1m[22m
[2mdist/[22m[32massets/NIRF_2025-26-ENGINEERING-9vvJPis2.pdf             [39m[1m[2m    46.56 kB[22m[1m[22m
[2mdist/[22m[32massets/kr_khatri-CXRk1DHw.jpg                            [39m[1m[2m    46.81 kB[22m[1m[22m
[2mdist/[22m[32massets/flowtech_aurangabad_2018-CjxjDeXC.jpeg            [39m[1m[2m    47.09 kB[22m[1m[22m
[2mdist/[22m[32massets/paras_thermal_2018-BxmOWIyZ.jpg                   [39m[1m[2m    49.86 kB[22m[1m[22m
[2mdist/[22m[32massets/vishwajeet_nashik-CgGYgFa_.jpg                    [39m[1m[2m    51.17 kB[22m[1m[22m
[2mdist/[22m[32massets/NIRF_2022-23_Engineering-UQaWliSn.pdf             [39m[1m[2m    51.51 kB[22m[1m[22m
[2mdist/[22m[32massets/OSBhalerao-DzY5ipKv.jpeg                          [39m[1m[2m    51.76 kB[22m[1m[22m
[2mdist/[22m[32massets/NIRF_2024-25-ENGINEERING-C5effalK.pdf             [39m[1m[2m    51.79 kB[22m[1m[22m
[2mdist/[22m[32massets/NIRF_2023-24-ENGINEERING-BQY8h7oc.pdf             [39m[1m[2m    52.16 kB[22m[1m[22m
[2mdist/[22m[32massets/NIRF 2021 SSGMCE-Ct_AclaD.pdf                     [39m[1m[2m    52.82 kB[22m[1m[22m
[2mdist/[22m[32massets/NIRF_2025-26-Innovation-Dmx-I6YV.pdf              [39m[1m[2m    52.83 kB[22m[1m[22m
[2mdist/[22m[32massets/me_VLSI__ESD_lab-CwSQDKwt.jpg                     [39m[1m[2m    52.86 kB[22m[1m[22m
[2mdist/[22m[32massets/greaves_cotton_aurangabad_2019-3Y-09VH7.jpg       [39m[1m[2m    53.05 kB[22m[1m[22m
[2mdist/[22m[32massets/NIRF_2023-24-Innovation-CZ6JkQFj.pdf              [39m[1m[2m    53.15 kB[22m[1m[22m
[2mdist/[22m[32massets/autoexpo_aurangabad_2018-KMkpPbdc.jpeg            [39m[1m[2m    53.95 kB[22m[1m[22m
[2mdist/[22m[32massets/NIRF_2025-26_Overall-DuVgb3bB.pdf                 [39m[1m[2m    55.29 kB[22m[1m[22m
[2mdist/[22m[32massets/siemens_aurangabad_2018-CVousShf.jpeg             [39m[1m[2m    55.79 kB[22m[1m[22m
[2mdist/[22m[32massets/NIRF_2024-25-Innovation-WFz7REEH.pdf              [39m[1m[2m    58.39 kB[22m[1m[22m
[2mdist/[22m[32massets/NIRF_2023-24_Overall-DfdYfCMI.pdf                 [39m[1m[2m    59.81 kB[22m[1m[22m
[2mdist/[22m[32massets/NIRF_2024-25_Overall-D_UVAzym.pdf                 [39m[1m[2m    60.71 kB[22m[1m[22m
[2mdist/[22m[32massets/NIRF_2022-23_Overall-p0joiY2R.pdf                 [39m[1m[2m    61.02 kB[22m[1m[22m
[2mdist/[22m[32massets/SVB-DCXjBHe1.jpg                                  [39m[1m[2m    61.39 kB[22m[1m[22m
[2mdist/[22m[32massets/yantra_aurangabad_2019-BhxuTMjE.jpg               [39m[1m[2m    65.85 kB[22m[1m[22m
[2mdist/[22m[32massets/ramakrishna_it_pune_2018-Bw-FfMwL.jpg             [39m[1m[2m    69.05 kB[22m[1m[22m
[2mdist/[22m[32massets/ezest_pune_2018-DK7tkwUi.jpg                      [39m[1m[2m    74.78 kB[22m[1m[22m
[2mdist/[22m[32massets/valuemomentum_pune_2025-CnaCzlC1.png              [39m[1m[2m    77.86 kB[22m[1m[22m
[2mdist/[22m[32massets/Electronics_and_devices_circuit_lab-jUSz2TlJ.jpg  [39m[1m[2m    82.14 kB[22m[1m[22m
[2mdist/[22m[32massets/KP-0Eo7RHfs.jpeg                                  [39m[1m[2m    83.05 kB[22m[1m[22m
[2mdist/[22m[32massets/MNT-CoCiqPbS.jpg                                  [39m[1m[2m    86.04 kB[22m[1m[22m
[2mdist/[22m[32massets/PratikDhabe-CDwc98NB.jpg                          [39m[1m[2m    88.18 kB[22m[1m[22m
[2mdist/[22m[32massets/greaves_cotton_aurangabad_2018-BAqwpW2Z.jpeg      [39m[1m[2m    88.89 kB[22m[1m[22m
[2mdist/[22m[32massets/V.G.Payghan-DKda2BN3.png                          [39m[1m[2m    91.06 kB[22m[1m[22m
[2mdist/[22m[32massets/mindscripts_pune_2020-H1wXKiam.jpg                [39m[1m[2m    91.65 kB[22m[1m[22m
[2mdist/[22m[32massets/RSKankale-w7XJ8IS-.jpg                            [39m[1m[2m    96.88 kB[22m[1m[22m
[2mdist/[22m[32massets/UAJ-B76ZtJkZ.jpg                                  [39m[1m[2m    96.99 kB[22m[1m[22m
[2mdist/[22m[32massets/DN-C0A9cnC3.jpg                                   [39m[1m[2m    97.24 kB[22m[1m[22m
[2mdist/[22m[32massets/tata_power_shahad_2024-BJPED9kA.png               [39m[1m[2m    98.12 kB[22m[1m[22m
[2mdist/[22m[32massets/JMP-CbYmgjqb.jpg                                  [39m[1m[2m    98.85 kB[22m[1m[22m
[2mdist/[22m[32massets/SSMishra-B3p0m_uE.jpg                             [39m[1m[2m   100.15 kB[22m[1m[22m
[2mdist/[22m[32massets/SGN-Cw5mB__L.jpg                                  [39m[1m[2m   100.70 kB[22m[1m[22m
[2mdist/[22m[32massets/RVD-Dtrw-QdT.jpeg                                 [39m[1m[2m   100.86 kB[22m[1m[22m
[2mdist/[22m[32massets/MRC-ZTqHUiQE.jpg                                  [39m[1m[2m   102.62 kB[22m[1m[22m
[2mdist/[22m[32massets/GNBonde-_K7FOs9j.jpg                              [39m[1m[2m   103.89 kB[22m[1m[22m
[2mdist/[22m[32massets/GLB-Dee8iHK3.jpg                                  [39m[1m[2m   104.43 kB[22m[1m[22m
[2mdist/[22m[32massets/ASM-X0-P4nz-.png                                  [39m[1m[2m   104.81 kB[22m[1m[22m
[2mdist/[22m[32massets/SBPagrut-g-9L4sTu.jpg                             [39m[1m[2m   105.51 kB[22m[1m[22m
[2mdist/[22m[32massets/KBK-kZSMtOts.jpg                                  [39m[1m[2m   106.85 kB[22m[1m[22m
[2mdist/[22m[32massets/FIK-CLB39WTJ.jpg                                  [39m[1m[2m   107.73 kB[22m[1m[22m
[2mdist/[22m[32massets/PTPatokar-BRqBM0Zm.jpg                            [39m[1m[2m   109.29 kB[22m[1m[22m
[2mdist/[22m[32massets/RSD-NPUvrupZ.jpg                                  [39m[1m[2m   109.54 kB[22m[1m[22m
[2mdist/[22m[32massets/EXTC_AIMLLAB-PPUQrScB.jpg                         [39m[1m[2m   110.84 kB[22m[1m[22m
[2mdist/[22m[32massets/DPT-DqHJBTUj.jpg                                  [39m[1m[2m   111.41 kB[22m[1m[22m
[2mdist/[22m[32massets/EXTC_HOD-CmgwG-9s.jpg                             [39m[1m[2m   112.57 kB[22m[1m[22m
[2mdist/[22m[32massets/SPB-EMj4Md0F.jpg                                  [39m[1m[2m   114.19 kB[22m[1m[22m
[2mdist/[22m[32massets/VMU-CKQrNQtG.jpg                                  [39m[1m[2m   114.47 kB[22m[1m[22m
[2mdist/[22m[32massets/MADande-B5h1QiEv.jpg                              [39m[1m[2m   114.91 kB[22m[1m[22m
[2mdist/[22m[32massets/CVPatil-XlJWooyM.jpg                              [39m[1m[2m   116.96 kB[22m[1m[22m
[2mdist/[22m[32massets/ASA-Bfiw3Fya.jpeg                                 [39m[1m[2m   117.10 kB[22m[1m[22m
[2mdist/[22m[32massets/HSP_new1-BlrWUbS6.jpg                             [39m[1m[2m   117.21 kB[22m[1m[22m
[2mdist/[22m[32massets/RMK-vTpPdn-4.jpg                                  [39m[1m[2m   117.46 kB[22m[1m[22m
[2mdist/[22m[32massets/VSM-C3KoEJBN.jpg                                  [39m[1m[2m   117.51 kB[22m[1m[22m
[2mdist/[22m[32massets/VKB-CPmFKS_N.jpg                                  [39m[1m[2m   117.75 kB[22m[1m[22m
[2mdist/[22m[32massets/DLB-CdCQdTWX.jpg                                  [39m[1m[2m   117.77 kB[22m[1m[22m
[2mdist/[22m[32massets/BSRakhonde-hKEsA9Jp.jpg                           [39m[1m[2m   117.93 kB[22m[1m[22m
[2mdist/[22m[32massets/AVP-CYTCA8uq.jpeg                                 [39m[1m[2m   118.99 kB[22m[1m[22m
[2mdist/[22m[32massets/VVPatil-CAS2wJjA.jpg                              [39m[1m[2m   119.69 kB[22m[1m[22m
[2mdist/[22m[32massets/SSJ-2T-kLzJq.jpg                                  [39m[1m[2m   119.87 kB[22m[1m[22m
[2mdist/[22m[32massets/VKThute-BNcl7GR_.jpg                              [39m[1m[2m   119.94 kB[22m[1m[22m
[2mdist/[22m[32massets/SDPadiya-hZOvButz.jpg                             [39m[1m[2m   121.11 kB[22m[1m[22m
[2mdist/[22m[32massets/LBDeshmukh-I9moEjEV.jpg                           [39m[1m[2m   122.85 kB[22m[1m[22m
[2mdist/[22m[32massets/SBP-BpVHeqVK.jpg                                  [39m[1m[2m   123.51 kB[22m[1m[22m
[2mdist/[22m[32massets/SPT-BD0SEMAD.jpg                                  [39m[1m[2m   123.98 kB[22m[1m[22m
[2mdist/[22m[32massets/VSI-BPIgzT3N.jpg                                  [39m[1m[2m   124.37 kB[22m[1m[22m
[2mdist/[22m[32massets/NMK-r_c4mYqi.jpg                                  [39m[1m[2m   125.29 kB[22m[1m[22m
[2mdist/[22m[32massets/VSKarale-C2uzp3be.jpg                             [39m[1m[2m   126.04 kB[22m[1m[22m
[2mdist/[22m[32massets/PRB-CW0A0oAd.jpg                                  [39m[1m[2m   126.46 kB[22m[1m[22m
[2mdist/[22m[32massets/PKB-C8y4FYwL.jpg                                  [39m[1m[2m   126.48 kB[22m[1m[22m
[2mdist/[22m[32massets/NST-pCKUQFTo.jpg                                  [39m[1m[2m   126.84 kB[22m[1m[22m
[2mdist/[22m[32massets/ASB-xQ3W3xHy.jpg                                  [39m[1m[2m   127.76 kB[22m[1m[22m
[2mdist/[22m[32massets/AGS-u37tJ451.jpg                                  [39m[1m[2m   127.82 kB[22m[1m[22m
[2mdist/[22m[32massets/PMK-D3wTTpqN.jpg                                  [39m[1m[2m   128.91 kB[22m[1m[22m
[2mdist/[22m[32massets/TPM-B2nBwpl_.jpg                                  [39m[1m[2m   129.93 kB[22m[1m[22m
[2mdist/[22m[32massets/paras_thermal_2022-CK3h-QoI.jpg                   [39m[1m[2m   130.67 kB[22m[1m[22m
[2mdist/[22m[32massets/KVC-CKFpySth.jpg                                  [39m[1m[2m   132.14 kB[22m[1m[22m
[2mdist/[22m[32massets/KTK-HZuFwzNx.jpg                                  [39m[1m[2m   133.51 kB[22m[1m[22m
[2mdist/[22m[32massets/RKM-C8c1epZ5.jpg                                  [39m[1m[2m   135.31 kB[22m[1m[22m
[2mdist/[22m[32massets/AND-BzMYAH8S.jpg                                  [39m[1m[2m   135.69 kB[22m[1m[22m
[2mdist/[22m[32massets/Dr_JGKhan-fcbHi-hm.jpg                            [39m[1m[2m   136.89 kB[22m[1m[22m
[2mdist/[22m[32massets/WZSuliya-znvlgSqt.jpg                             [39m[1m[2m   137.35 kB[22m[1m[22m
[2mdist/[22m[32massets/SQSyed-z11vvcI3.jpg                               [39m[1m[2m   141.86 kB[22m[1m[22m
[2mdist/[22m[32massets/NBBorkar-CBx9rnrx.jpg                             [39m[1m[2m   142.60 kB[22m[1m[22m
[2mdist/[22m[32massets/bosch_nashik_2020-BA1rBiJF.jpg                    [39m[1m[2m   142.71 kB[22m[1m[22m
[2mdist/[22m[32massets/MBB-CDw70RdS.jpg                                  [39m[1m[2m   151.65 kB[22m[1m[22m
[2mdist/[22m[32massets/hindustan_hardy_nashik_2020-IAkGjCgz.jpg          [39m[1m[2m   154.35 kB[22m[1m[22m
[2mdist/[22m[32massets/VSK-EX6wp6_X.jpeg                                 [39m[1m[2m   155.08 kB[22m[1m[22m
[2mdist/[22m[32massets/PVK-gwKb4REc.jpg                                  [39m[1m[2m   160.65 kB[22m[1m[22m
[2mdist/[22m[32massets/ASH_HOD_AST-iOf4Yqyy.jpg                          [39m[1m[2m   169.85 kB[22m[1m[22m
[2mdist/[22m[32massets/AAD-DPsinbd1.jpg                                  [39m[1m[2m   173.47 kB[22m[1m[22m
[2mdist/[22m[32massets/NNG-DkWOD3vU.jpg                                  [39m[1m[2m   175.58 kB[22m[1m[22m
[2mdist/[22m[32massets/AUJ-BscqGMgG.jpg                                  [39m[1m[2m   189.67 kB[22m[1m[22m
[2mdist/[22m[32massets/SNK-kZ79lUTx.jpg                                  [39m[1m[2m   196.57 kB[22m[1m[22m
[2mdist/[22m[32massets/SRP-D7jjeEP2.jpg                                  [39m[1m[2m   206.39 kB[22m[1m[22m
[2mdist/[22m[32massets/logo-D2lCycSH.png                                 [39m[1m[2m   208.43 kB[22m[1m[22m
[2mdist/[22m[32massets/HOD_MECH-DOV_cwNs.jpg                             [39m[1m[2m   210.35 kB[22m[1m[22m
[2mdist/[22m[32massets/KSV-CCDBzIoQ.jpg                                  [39m[1m[2m   210.71 kB[22m[1m[22m
[2mdist/[22m[32massets/PallaviBute-DBwu3dcM.jpg                          [39m[1m[2m   212.69 kB[22m[1m[22m
[2mdist/[22m[32massets/TAP-BhYaADHA.jpeg                                 [39m[1m[2m   215.34 kB[22m[1m[22m
[2mdist/[22m[32massets/HOD_CSE_JMP-1C38DPXs.jpg                          [39m[1m[2m   216.14 kB[22m[1m[22m
[2mdist/[22m[32massets/tooltech_sambhajinagar_2023-bfDuHXCP.jpeg         [39m[1m[2m   227.78 kB[22m[1m[22m
[2mdist/[22m[32massets/BPH-DzWSLKmT.jpg                                  [39m[1m[2m   230.30 kB[22m[1m[22m
[2mdist/[22m[32massets/vanagpure--n_UDrOJ.png                            [39m[1m[2m   243.00 kB[22m[1m[22m
[2mdist/[22m[32massets/SMJawake-xVvsIg6c.png                             [39m[1m[2m   243.65 kB[22m[1m[22m
[2mdist/[22m[32massets/SPJ-jCy6NP9Y.jpg                                  [39m[1m[2m   245.00 kB[22m[1m[22m
[2mdist/[22m[32massets/PRPohare-Ku_f5n1m.jpeg                            [39m[1m[2m   252.06 kB[22m[1m[22m
[2mdist/[22m[32massets/KPS-Ful2PvoN.jpg                                  [39m[1m[2m   253.89 kB[22m[1m[22m
[2mdist/[22m[32massets/HBP-CCJY9viM.jpeg                                 [39m[1m[2m   260.56 kB[22m[1m[22m
[2mdist/[22m[32massets/NHK-DHnO6hyG.jpeg                                 [39m[1m[2m   264.06 kB[22m[1m[22m
[2mdist/[22m[32massets/jade_global_pune_2020-BC6B_auW.jpg                [39m[1m[2m   264.07 kB[22m[1m[22m
[2mdist/[22m[32massets/S.B.Sonawane-BqYPWJMv.jpg                         [39m[1m[2m   264.52 kB[22m[1m[22m
[2mdist/[22m[32massets/KRDhudhe-CJmuKUxr.jpg                             [39m[1m[2m   265.86 kB[22m[1m[22m
[2mdist/[22m[32massets/RSM-BrH_wOEA.jpeg                                 [39m[1m[2m   268.10 kB[22m[1m[22m
[2mdist/[22m[32massets/uppernavbar-BB7AVIe2.png                          [39m[1m[2m   268.63 kB[22m[1m[22m
[2mdist/[22m[32massets/A.S.Akotkar-B09HEOSF.jpg                          [39m[1m[2m   271.67 kB[22m[1m[22m
[2mdist/[22m[32massets/RAZamare-BVOcs8Wi.jpg                             [39m[1m[2m   281.03 kB[22m[1m[22m
[2mdist/[22m[32massets/Suresh Barbdhe-BiF_jMAb.jpeg                      [39m[1m[2m   297.49 kB[22m[1m[22m
[2mdist/[22m[32massets/sanjeev_vertex_sambhajinagar_2024-DOP_Qohx.jpeg   [39m[1m[2m   298.18 kB[22m[1m[22m
[2mdist/[22m[32massets/Mohan Sable-D24B-CA0.png                          [39m[1m[2m   334.26 kB[22m[1m[22m
[2mdist/[22m[32massets/CMM-ByYvkaQD.jpeg                                 [39m[1m[2m   346.52 kB[22m[1m[22m
[2mdist/[22m[32massets/Parag Jadhav-AV7SwuPc.png                         [39m[1m[2m   383.33 kB[22m[1m[22m
[2mdist/[22m[32massets/NSD-Dk5Ud1A4.jpeg                                 [39m[1m[2m   401.16 kB[22m[1m[22m
[2mdist/[22m[32massets/AST-CZ9hmCH-.jpg                                  [39m[1m[2m   404.47 kB[22m[1m[22m
[2mdist/[22m[32massets/avaada_solar_2025-BIYpBxGJ.png                    [39m[1m[2m   420.54 kB[22m[1m[22m
[2mdist/[22m[32massets/adani_dahanu_2024-S47bYVmZ.png                    [39m[1m[2m   435.36 kB[22m[1m[22m
[2mdist/[22m[32massets/hcltech_nagpur_2024-DJJtznJZ.png                  [39m[1m[2m   495.30 kB[22m[1m[22m
[2mdist/[22m[32massets/adani_dahanu_2025-C49ig9U-.png                    [39m[1m[2m   533.30 kB[22m[1m[22m
[2mdist/[22m[32massets/JSG-DgHzBda0.jpeg                                 [39m[1m[2m   538.74 kB[22m[1m[22m
[2mdist/[22m[32massets/BilalHusain-BAtcmhWY.jpg                          [39m[1m[2m   592.33 kB[22m[1m[22m
[2mdist/[22m[32massets/apatapa_akola_2025-D0EvrzuK.png                   [39m[1m[2m   604.93 kB[22m[1m[22m
[2mdist/[22m[32massets/adani_power_mumbai-1fVtl37-.png                   [39m[1m[2m   651.09 kB[22m[1m[22m
[2mdist/[22m[32massets/thermal_paras_2023-D3neKRbX.png                   [39m[1m[2m   657.82 kB[22m[1m[22m
[2mdist/[22m[32massets/HOD_MBA-C8Sk_Otr.png                              [39m[1m[2m   692.00 kB[22m[1m[22m
[2mdist/[22m[32massets/EXTC_Lab_Cadence-Dy8K7Tvq.jpg                     [39m[1m[2m   701.31 kB[22m[1m[22m
[2mdist/[22m[32massets/AdeshSolanke-BOQTBd3x.jpg                         [39m[1m[2m   714.25 kB[22m[1m[22m
[2mdist/[22m[32massets/tata_power_mumbai_2023-BjC-m2by.png               [39m[1m[2m   726.71 kB[22m[1m[22m
[2mdist/[22m[32massets/thermal_paras_2022-Bep8tXaB.png                   [39m[1m[2m   744.88 kB[22m[1m[22m
[2mdist/[22m[32massets/saama_technologies_pune_2024-Cj4qhlnF.png         [39m[1m[2m   824.91 kB[22m[1m[22m
[2mdist/[22m[32massets/valuemomentum_pune_2024-BSu0I4JF.png              [39m[1m[2m   854.34 kB[22m[1m[22m
[2mdist/[22m[32massets/PALod-BuujoyRj.jpeg                               [39m[1m[2m 1,075.95 kB[22m[1m[22m
[2mdist/[22m[32massets/Gopal Jodh-EZk8X3QX.jpg                           [39m[1m[2m 1,086.02 kB[22m[1m[22m
[2mdist/[22m[32massets/MBD-DcXYfxot.jpeg                                 [39m[1m[2m 1,131.43 kB[22m[1m[22m
[2mdist/[22m[32massets/S.A.Ahmad-3n9_tv0V.jpg                            [39m[1m[2m 1,140.47 kB[22m[1m[22m
[2mdist/[22m[32massets/VSB-C2Nte97H.jpg                                  [39m[1m[2m 1,180.38 kB[22m[1m[22m
[2mdist/[22m[32massets/P.B.Bule-CvhcmEbU.jpg                             [39m[1m[2m 1,243.94 kB[22m[1m[22m
[2mdist/[22m[32massets/K.K.Thakur-zC3-kPB8.jpg                           [39m[1m[2m 1,262.61 kB[22m[1m[22m
[2mdist/[22m[32massets/RJOimbe-CZuTJZnO.jpg                              [39m[1m[2m 1,262.86 kB[22m[1m[22m
[2mdist/[22m[32massets/PMDandwate-BQOam6tq.jpg                           [39m[1m[2m 1,264.56 kB[22m[1m[22m
[2mdist/[22m[32massets/SDD-snNVzVUC.jpg                                  [39m[1m[2m 1,296.46 kB[22m[1m[22m
[2mdist/[22m[32massets/SPS-CBDas_az.jpeg                                 [39m[1m[2m 1,304.12 kB[22m[1m[22m
[2mdist/[22m[32massets/VHA-COVxIngx.jpg                                  [39m[1m[2m 1,312.61 kB[22m[1m[22m
[2mdist/[22m[32massets/Workshop_Lab-BSuC_uBw.jpg                         [39m[1m[2m 1,320.17 kB[22m[1m[22m
[2mdist/[22m[32massets/M.Y. Kashikar-DhI5q7JZ.jpg                        [39m[1m[2m 1,333.07 kB[22m[1m[22m
[2mdist/[22m[32massets/ROB-Ct3BJ6qr.jpg                                  [39m[1m[2m 1,344.51 kB[22m[1m[22m
[2mdist/[22m[32massets/RNPachade-CVeqQ5IK.jpg                            [39m[1m[2m 1,348.60 kB[22m[1m[22m
[2mdist/[22m[32massets/MPRajurkar-tbxY1nod.jpg                           [39m[1m[2m 1,354.03 kB[22m[1m[22m
[2mdist/[22m[32massets/GAW-Bj0TjHmp.jpg                                  [39m[1m[2m 1,356.59 kB[22m[1m[22m
[2mdist/[22m[32massets/P M Deshmukh-XoHxM2yp.jpeg                        [39m[1m[2m 1,364.24 kB[22m[1m[22m
[2mdist/[22m[32massets/MRDhoke-B9gyyAf7.jpg                              [39m[1m[2m 1,376.87 kB[22m[1m[22m
[2mdist/[22m[32massets/G.O.Tayade-vIxLY1ub.jpg                           [39m[1m[2m 1,377.93 kB[22m[1m[22m
[2mdist/[22m[32massets/A.L.Nemade-2fzJnXS3.jpg                           [39m[1m[2m 1,379.41 kB[22m[1m[22m
[2mdist/[22m[32massets/GRPayghan-DOsAV16s.jpg                            [39m[1m[2m 1,408.18 kB[22m[1m[22m
[2mdist/[22m[32massets/VSDhage-CnvlNmzG.jpg                              [39m[1m[2m 1,409.34 kB[22m[1m[22m
[2mdist/[22m[32massets/A.S. Raut-CLh_MMzH.jpg                            [39m[1m[2m 1,410.42 kB[22m[1m[22m
[2mdist/[22m[32massets/AADhage-DaL5KOHI.jpg                              [39m[1m[2m 1,418.16 kB[22m[1m[22m
[2mdist/[22m[32massets/Communication_Engineering_lab-JvGgjKyn.jpg        [39m[1m[2m 1,446.15 kB[22m[1m[22m
[2mdist/[22m[32massets/BSSonone-BUDzE6n1.jpg                             [39m[1m[2m 1,457.01 kB[22m[1m[22m
[2mdist/[22m[32massets/GDI-B6HiYD6H.jpg                                  [39m[1m[2m 1,466.46 kB[22m[1m[22m
[2mdist/[22m[32massets/VSBharsakale-D6ViP-Q6.jpg                         [39m[1m[2m 1,497.74 kB[22m[1m[22m
[2mdist/[22m[32massets/DBW-B8TAoWAE.jpg                                  [39m[1m[2m 1,519.79 kB[22m[1m[22m
[2mdist/[22m[32massets/VRRahate-CJ2sLQ32.jpg                             [39m[1m[2m 1,554.98 kB[22m[1m[22m
[2mdist/[22m[32massets/NDK-LLoMPYZs.jpg                                  [39m[1m[2m 1,578.39 kB[22m[1m[22m
[2mdist/[22m[32massets/Analog_and_digital_IC_laboratory-HdKfsS2i.jpg     [39m[1m[2m 1,755.44 kB[22m[1m[22m
[2mdist/[22m[32massets/OUR RECRUITERS-DC9ZJqh8.pdf                       [39m[1m[2m 1,763.54 kB[22m[1m[22m
[2mdist/[22m[32massets/Rutika_Raut-8xo6Xn6l.jpg                          [39m[1m[2m 2,127.15 kB[22m[1m[22m
[2mdist/[22m[32massets/MSpande-FTBQlYii.jpg                              [39m[1m[2m 2,189.06 kB[22m[1m[22m
[2mdist/[22m[32massets/KPD-BHhT9Uv4.jpg                                  [39m[1m[2m 2,448.46 kB[22m[1m[22m
[2mdist/[22m[32massets/drone shot-DLJvsL4p.mp4                           [39m[1m[2m 2,640.84 kB[22m[1m[22m
[2mdist/[22m[32massets/3 years Placement Stats-Dh8Ju3KN.pdf              [39m[1m[2m 3,190.96 kB[22m[1m[22m
[2mdist/[22m[32massets/banner-CGhiytcW.png                               [39m[1m[2m 3,959.73 kB[22m[1m[22m
[2mdist/[22m[32massets/MBA banner-BFbawJ7z.png                           [39m[1m[2m 4,504.04 kB[22m[1m[22m
[2mdist/[22m[32massets/IT banner-Dc7u1lls.png                            [39m[1m[2m 4,592.62 kB[22m[1m[22m
[2mdist/[22m[32massets/Cse banner-5T0HvM31.png                           [39m[1m[2m 4,657.70 kB[22m[1m[22m
[2mdist/[22m[32massets/Electronics Banner-Dr9RKLP7.png                   [39m[1m[2m 4,794.26 kB[22m[1m[22m
[2mdist/[22m[32massets/Mechnical banner-hFlO3N4Z.png                     [39m[1m[2m 5,065.88 kB[22m[1m[22m
[2mdist/[22m[32massets/Electrical Banner-U65GcigR.png                    [39m[1m[2m 5,820.68 kB[22m[1m[22m
[2mdist/[22m[32massets/MIC_LAB-Cp-VvqES.JPG                              [39m[1m[2m12,067.57 kB[22m[1m[22m
[2mdist/[22m[32massets/DSP_LAB-D1SbGuhr.JPG                              [39m[1m[2m12,566.04 kB[22m[1m[22m
[2mdist/[22m[32massets/Project_LAB-0YCkmA-X.JPG                          [39m[1m[2m14,149.82 kB[22m[1m[22m
[2mdist/[22m[32massets/PE_LAB-xn2blNd_.JPG                               [39m[1m[2m14,489.85 kB[22m[1m[22m
[2mdist/[22m[35massets/index-DmMqEoxc.css                                [39m[1m[2m   135.08 kB[22m[1m[22m[2m Γöé gzip:    19.67 kB[22m
[2mdist/[22m[36massets/index-y286u6sV.js                                 [39m[1m[33m 4,110.06 kB[39m[22m[2m Γöé gzip: 1,013.75 kB[22m
node.exe : [33m
At line:1 char:1
+ & "C:\Program Files\nodejs/node.exe" "C:\Users\prajw\AppData\Roaming\ ...
+ ~~~~~~~~~~~~~~~~~~~~~~~~~~~~~~~~~~~~~~~~~~~~~~~~~~~~~~~~~~~~~~~~~~~~~
    + CategoryInfo          : NotSpecified: ([33m:String) [], RemoteException
    + FullyQualifiedErrorId : NativeCommandError
 
(!) Some chunks are larger than 500 kB after minification. Consider:
- Using dynamic import() to code-split the application
- Use build.rollupOptions.output.manualChunks to improve chunking: 
https://rollupjs.org/configuration-options/#output-manualchunks
- Adjust chunk size limit for this warning via 
build.chunkSizeWarningLimit.[39m
[32mΓ£ô built in 11.89s[39m
